[2026-06-11 23:08:28] === 微信 AI 数字人监控自动回复启动（图像差异版）===
[2026-06-11 23:08:28] 目标=AI 数字人, 间隔=30s, 阈值=3.0, 回复='我现在不方便看微信，稍后回复你。'
[2026-06-11 23:08:28] --- 第 1 次检查开始 ---
[2026-06-11 23:08:29] 激活微信窗口: hwnd=0x203E0, foreground='微信'
[2026-06-11 23:08:29] 搜索并进入目标会话: AI 数字人
[2026-06-11 23:08:38] 聊天区域截图: C:\Users\dtyao\AppData\Local\hermes\scripts\wechat_monitor_shots\wechat_ai_chat_20260611_230838.png
[2026-06-11 23:08:38] 首次检查：仅建立基线，不自动回复
[2026-06-11 23:09:08] --- 第 2 次检查开始 ---
[2026-06-11 23:09:09] 激活微信窗口: hwnd=0x203E0, foreground='微信'
[2026-06-11 23:09:09] 搜索并进入目标会话: AI 数字人
[2026-06-11 23:09:18] 聊天区域截图: C:\Users\dtyao\AppData\Local\hermes\scripts\wechat_monitor_shots\wechat_ai_chat_20260611_230918.png
[2026-06-11 23:09:18] 聊天区域差异分数: 0.05，阈值: 3.0
[2026-06-11 23:09:18] 无明显变化，不回复
[2026-06-11 23:09:51] === 微信 AI 数字人监控自动回复启动（图像差异版）===
[2026-06-11 23:09:51] 目标=AI 数字人, 间隔=30s, 阈值=3.0, 回复='我现在不方便看微信，稍后回复你。'
[2026-06-11 23:09:51] --- 第 1 次检查开始 ---
[2026-06-11 23:09:52] 激活微信窗口: hwnd=0x203E0, foreground='Program Manager'
[2026-06-11 23:09:52] 搜索并进入目标会话: AI 数字人
[2026-06-11 23:10:01] 聊天区域截图: C:\Users\dtyao\AppData\Local\hermes\scripts\wechat_monitor_shots\wechat_ai_chat_20260611_231001.png
[2026-06-11 23:10:01] 聊天区域差异分数: 0.05，阈值: 3.0
[2026-06-11 23:10:01] 无明显变化，不回复
[2026-06-11 23:10:31] --- 第 2 次检查开始 ---
[2026-06-11 23:10:32] 激活微信窗口: hwnd=0x203E0, foreground='Program Manager'
[2026-06-11 23:10:32] 搜索并进入目标会话: AI 数字人
[2026-06-11 23:10:41] 聊天区域截图: C:\Users\dtyao\AppData\Local\hermes\scripts\wechat_monitor_shots\wechat_ai_chat_20260611_231041.png
[2026-06-11 23:10:41] 聊天区域差异分数: 0.05，阈值: 3.0
[2026-06-11 23:10:41] 无明显变化，不回复
[2026-06-11 23:11:11] --- 第 3 次检查开始 ---
[2026-06-11 23:11:12] 激活微信窗口: hwnd=0x203E0, foreground='Program Manager'
[2026-06-11 23:11:12] 搜索并进入目标会话: AI 数字人
[2026-06-11 23:11:21] 聊天区域截图: C:\Users\dtyao\AppData\Local\hermes\scripts\wechat_monitor_shots\wechat_ai_chat_20260611_231121.png
[2026-06-11 23:11:21] 聊天区域差异分数: 0.05，阈值: 3.0
[2026-06-11 23:11:21] 无明显变化，不回复
[2026-06-11 23:11:51] --- 第 4 次检查开始 ---
[2026-06-11 23:11:52] 激活微信窗口: hwnd=0x203E0, foreground='Program Manager'
[2026-06-11 23:11:52] 搜索并进入目标会话: AI 数字人
[2026-06-11 23:12:00] 聊天区域截图: C:\Users\dtyao\AppData\Local\hermes\scripts\wechat_monitor_shots\wechat_ai_chat_20260611_231200.png
[2026-06-11 23:12:00] 聊天区域差异分数: 0.11，阈值: 3.0
[2026-06-11 23:12:00] 无明显变化，不回复
[2026-06-11 23:12:30] --- 第 5 次检查开始 ---
[2026-06-11 23:12:32] 激活微信窗口: hwnd=0x203E0, foreground='Program Manager'
[2026-06-11 23:12:32] 搜索并进入目标会话: AI 数字人
[2026-06-11 23:12:40] 聊天区域截图: C:\Users\dtyao\AppData\Local\hermes\scripts\wechat_monitor_shots\wechat_ai_chat_20260611_231240.png
[2026-06-11 23:12:40] 聊天区域差异分数: 0.18，阈值: 3.0
[2026-06-11 23:12:40] 无明显变化，不回复
[2026-06-11 23:13:10] --- 第 6 次检查开始 ---
[2026-06-11 23:13:11] 激活微信窗口: hwnd=0x203E0, foreground='Program Manager'
[2026-06-11 23:13:11] 搜索并进入目标会话: AI 数字人
[2026-06-11 23:13:20] 聊天区域截图: C:\Users\dtyao\AppData\Local\hermes\scripts\wechat_monitor_shots\wechat_ai_chat_20260611_231320.png
[2026-06-11 23:13:20] 聊天区域差异分数: 0.18，阈值: 3.0
[2026-06-11 23:13:20] 无明显变化，不回复
[2026-06-11 23:13:50] --- 第 7 次检查开始 ---
[2026-06-11 23:13:51] 激活微信窗口: hwnd=0x203E0, foreground='微信'
[2026-06-11 23:13:51] 搜索并进入目标会话: AI 数字人
[2026-06-11 23:14:00] 聊天区域截图: C:\Users\dtyao\AppData\Local\hermes\scripts\wechat_monitor_shots\wechat_ai_chat_20260611_231400.png
[2026-06-11 23:14:00] 聊天区域差异分数: 1.68，阈值: 3.0
[2026-06-11 23:14:00] 无明显变化，不回复
[2026-06-11 23:14:30] --- 第 8 次检查开始 ---
[2026-06-11 23:14:31] 激活微信窗口: hwnd=0x203E0, foreground='微信'
[2026-06-11 23:14:31] 搜索并进入目标会话: AI 数字人
[2026-06-11 23:14:34] === 用户反馈已发现消息但未自动回复：立即手动补发一次 ===
[2026-06-11 23:14:35] 激活微信窗口: hwnd=0x203E0, foreground='微信'
[2026-06-11 23:14:35] 搜索并进入目标会话: AI 数字人
[2026-06-11 23:14:39] 聊天区域截图: C:\Users\dtyao\AppData\Local\hermes\scripts\wechat_monitor_shots\wechat_ai_chat_20260611_231439.png
[2026-06-11 23:14:39] 聊天区域差异分数: 1.68，阈值: 3.0
[2026-06-11 23:14:39] 无明显变化，不回复
[2026-06-11 23:14:44] 发送自动回复: 我现在不方便看微信，稍后回复你。
[2026-06-11 23:14:48] 手动补发完成并更新基线: C:\Users\dtyao\AppData\Local\hermes\scripts\wechat_monitor_shots\wechat_ai_chat_20260611_231448.png
[2026-06-11 23:15:09] --- 第 9 次检查开始 ---
[2026-06-11 23:15:10] === 微信 AI 数字人监控自动回复启动（图像差异版）===
[2026-06-11 23:15:10] 目标=AI 数字人, 间隔=30s, 阈值=0.1, 回复='我现在不方便看微信，稍后回复你。'
[2026-06-11 23:15:10] --- 第 1 次检查开始 ---
[2026-06-11 23:15:11] 激活微信窗口: hwnd=0x203E0, foreground='微信'
[2026-06-11 23:15:11] 搜索并进入目标会话: AI 数字人
[2026-06-11 23:15:11] 激活微信窗口: hwnd=0x203E0, foreground='微信'
[2026-06-11 23:15:11] 搜索并进入目标会话: AI 数字人
[2026-06-11 23:15:19] 聊天区域截图: C:\Users\dtyao\AppData\Local\hermes\scripts\wechat_monitor_shots\wechat_ai_chat_20260611_231519.png
[2026-06-11 23:15:19] 聊天区域差异分数: 40.32，阈值: 3.0
[2026-06-11 23:15:19] 检测到 AI 数字人会话聊天区域明显变化，准备回复
[2026-06-11 23:15:19] 发送自动回复: 我现在不方便看微信，稍后回复你。
[2026-06-11 23:15:20] 聊天区域截图: C:\Users\dtyao\AppData\Local\hermes\scripts\wechat_monitor_shots\wechat_ai_chat_20260611_231520.png
[2026-06-11 23:15:20] 聊天区域差异分数: 41.41，阈值: 0.1，签名变化: True
[2026-06-11 23:15:20] 检测到 AI 数字人会话聊天区域明显变化，准备回复
[2026-06-11 23:15:20] 发送自动回复: 我现在不方便看微信，稍后回复你。
[2026-06-11 23:15:23] 已回复并更新基线: C:\Users\dtyao\AppData\Local\hermes\scripts\wechat_monitor_shots\wechat_ai_chat_20260611_231523.png
[2026-06-11 23:15:24] 已回复并更新基线: C:\Users\dtyao\AppData\Local\hermes\scripts\wechat_monitor_shots\wechat_ai_chat_20260611_231524.png
[2026-06-11 23:15:53] --- 第 10 次检查开始 ---
[2026-06-11 23:15:54] --- 第 2 次检查开始 ---
[2026-06-11 23:15:54] 激活微信窗口: hwnd=0x203E0, foreground='微信'
[2026-06-11 23:15:54] 搜索并进入目标会话: AI 数字人
[2026-06-11 23:16:02] === 微信 AI 数字人监控自动回复启动（图像差异版）===
[2026-06-11 23:16:02] 目标=AI 数字人, 间隔=30s, 阈值=0.1, 回复='我现在不方便看微信，稍后回复你。'
[2026-06-11 23:16:02] --- 第 1 次检查开始 ---
[2026-06-11 23:16:03] 聊天区域截图: C:\Users\dtyao\AppData\Local\hermes\scripts\wechat_monitor_shots\wechat_ai_chat_20260611_231603.png
[2026-06-11 23:16:03] 聊天区域差异分数: 39.99，阈值: 3.0
[2026-06-11 23:16:03] 检测到 AI 数字人会话聊天区域明显变化，准备回复
[2026-06-11 23:16:03] 发送自动回复: 我现在不方便看微信，稍后回复你。
[2026-06-11 23:16:03] 激活微信窗口: hwnd=0x203E0, foreground='微信'
[2026-06-11 23:16:03] 搜索并进入目标会话: AI 数字人
[2026-06-11 23:16:07] 已回复并更新基线: C:\Users\dtyao\AppData\Local\hermes\scripts\wechat_monitor_shots\wechat_ai_chat_20260611_231607.png
[2026-06-11 23:16:12] 聊天区域截图: C:\Users\dtyao\AppData\Local\hermes\scripts\wechat_monitor_shots\wechat_ai_chat_20260611_231612.png
[2026-06-11 23:16:12] 聊天区域差异分数: 39.99，阈值: 0.1，签名变化: True
[2026-06-11 23:16:12] 检测到 AI 数字人会话聊天区域明显变化，准备回复
[2026-06-11 23:16:12] 发送自动回复: 我现在不方便看微信，稍后回复你。
[2026-06-11 23:16:16] 已回复并更新基线: C:\Users\dtyao\AppData\Local\hermes\scripts\wechat_monitor_shots\wechat_ai_chat_20260611_231616.png
[2026-06-11 23:16:37] --- 第 11 次检查开始 ---
[2026-06-11 23:16:38] 激活微信窗口: hwnd=0x203E0, foreground='微信'
[2026-06-11 23:16:38] 搜索并进入目标会话: AI 数字人
[2026-06-11 23:16:46] --- 第 2 次检查开始 ---
[2026-06-11 23:16:47] 聊天区域截图: C:\Users\dtyao\AppData\Local\hermes\scripts\wechat_monitor_shots\wechat_ai_chat_20260611_231647.png
[2026-06-11 23:16:47] 聊天区域差异分数: 19.36，阈值: 3.0
[2026-06-11 23:16:47] 检测到 AI 数字人会话聊天区域明显变化，准备回复
[2026-06-11 23:16:47] 发送自动回复: 我现在不方便看微信，稍后回复你。
[2026-06-11 23:16:47] 激活微信窗口: hwnd=0x203E0, foreground='微信'
[2026-06-11 23:16:47] 搜索并进入目标会话: AI 数字人
[2026-06-11 23:16:51] 已回复并更新基线: C:\Users\dtyao\AppData\Local\hermes\scripts\wechat_monitor_shots\wechat_ai_chat_20260611_231651.png
[2026-06-11 23:16:56] 聊天区域截图: C:\Users\dtyao\AppData\Local\hermes\scripts\wechat_monitor_shots\wechat_ai_chat_20260611_231655.png
[2026-06-11 23:16:56] 聊天区域差异分数: 1.03，阈值: 0.1，签名变化: True
[2026-06-11 23:16:56] 检测到 AI 数字人会话聊天区域明显变化，准备回复
[2026-06-11 23:16:56] 发送自动回复: 我现在不方便看微信，稍后回复你。
[2026-06-11 23:17:00] 已回复并更新基线: C:\Users\dtyao\AppData\Local\hermes\scripts\wechat_monitor_shots\wechat_ai_chat_20260611_231700.png
[2026-06-11 23:17:21] --- 第 12 次检查开始 ---
[2026-06-11 23:17:22] 激活微信窗口: hwnd=0x203E0, foreground='微信'
[2026-06-11 23:17:22] 搜索并进入目标会话: AI 数字人
[2026-06-11 23:17:30] --- 第 3 次检查开始 ---
[2026-06-11 23:17:31] 聊天区域截图: C:\Users\dtyao\AppData\Local\hermes\scripts\wechat_monitor_shots\wechat_ai_chat_20260611_231731.png
[2026-06-11 23:17:31] 聊天区域差异分数: 19.41，阈值: 3.0
[2026-06-11 23:17:31] 检测到 AI 数字人会话聊天区域明显变化，准备回复
[2026-06-11 23:17:31] 发送自动回复: 我现在不方便看微信，稍后回复你。
[2026-06-11 23:17:31] 激活微信窗口: hwnd=0x203E0, foreground='微信'
[2026-06-11 23:17:31] 搜索并进入目标会话: AI 数字人
[2026-06-11 23:17:35] 已回复并更新基线: C:\Users\dtyao\AppData\Local\hermes\scripts\wechat_monitor_shots\wechat_ai_chat_20260611_231735.png
[2026-06-11 23:17:39] 聊天区域截图: C:\Users\dtyao\AppData\Local\hermes\scripts\wechat_monitor_shots\wechat_ai_chat_20260611_231739.png
[2026-06-11 23:17:39] 聊天区域差异分数: 18.92，阈值: 0.1，签名变化: True
[2026-06-11 23:17:39] 检测到 AI 数字人会话聊天区域明显变化，准备回复
[2026-06-11 23:17:39] 发送自动回复: 我现在不方便看微信，稍后回复你。
[2026-06-11 23:17:43] 已回复并更新基线: C:\Users\dtyao\AppData\Local\hermes\scripts\wechat_monitor_shots\wechat_ai_chat_20260611_231743.png
[2026-06-11 23:18:05] --- 第 13 次检查开始 ---
[2026-06-11 23:18:06] 激活微信窗口: hwnd=0x203E0, foreground='微信'
[2026-06-11 23:18:06] 搜索并进入目标会话: AI 数字人
[2026-06-11 23:18:13] --- 第 4 次检查开始 ---
[2026-06-11 23:18:15] 聊天区域截图: C:\Users\dtyao\AppData\Local\hermes\scripts\wechat_monitor_shots\wechat_ai_chat_20260611_231814.png
[2026-06-11 23:18:15] 聊天区域差异分数: 17.15，阈值: 3.0
[2026-06-11 23:18:15] 检测到 AI 数字人会话聊天区域明显变化，准备回复
[2026-06-11 23:18:15] 发送自动回复: 我现在不方便看微信，稍后回复你。
[2026-06-11 23:18:15] 激活微信窗口: hwnd=0x203E0, foreground='微信'
[2026-06-11 23:18:15] 搜索并进入目标会话: AI 数字人
[2026-06-11 23:18:19] 已回复并更新基线: C:\Users\dtyao\AppData\Local\hermes\scripts\wechat_monitor_shots\wechat_ai_chat_20260611_231819.png
[2026-06-11 23:18:23] 聊天区域截图: C:\Users\dtyao\AppData\Local\hermes\scripts\wechat_monitor_shots\wechat_ai_chat_20260611_231823.png
[2026-06-11 23:18:23] 聊天区域差异分数: 29.81，阈值: 0.1，签名变化: True
[2026-06-11 23:18:23] 检测到 AI 数字人会话聊天区域明显变化，准备回复
[2026-06-11 23:18:23] 发送自动回复: 我现在不方便看微信，稍后回复你。
[2026-06-11 23:18:27] 已回复并更新基线: C:\Users\dtyao\AppData\Local\hermes\scripts\wechat_monitor_shots\wechat_ai_chat_20260611_231827.png
[2026-06-11 23:18:49] --- 第 14 次检查开始 ---
[2026-06-11 23:18:50] 激活微信窗口: hwnd=0x203E0, foreground='Hermes Desktop'
[2026-06-11 23:18:50] 搜索并进入目标会话: AI 数字人
[2026-06-11 23:18:57] --- 第 5 次检查开始 ---
[2026-06-11 23:18:58] 聊天区域截图: C:\Users\dtyao\AppData\Local\hermes\scripts\wechat_monitor_shots\wechat_ai_chat_20260611_231858.png
[2026-06-11 23:18:58] 聊天区域差异分数: 18.42，阈值: 3.0
[2026-06-11 23:18:58] 检测到 AI 数字人会话聊天区域明显变化，准备回复
[2026-06-11 23:18:58] 发送自动回复: 我现在不方便看微信，稍后回复你。
[2026-06-11 23:18:58] 激活微信窗口: hwnd=0x203E0, foreground='Hermes Desktop'
[2026-06-11 23:18:58] WARN: 微信未成为前台窗口，本轮跳过；foreground='Hermes Desktop'
[2026-06-11 23:18:58] ERROR: 未找到/无法激活微信窗口
[2026-06-11 23:19:02] 已回复并更新基线: C:\Users\dtyao\AppData\Local\hermes\scripts\wechat_monitor_shots\wechat_ai_chat_20260611_231902.png
[2026-06-11 23:19:28] --- 第 6 次检查开始 ---
[2026-06-11 23:19:30] 激活微信窗口: hwnd=0x203E0, foreground='Hermes Desktop'
[2026-06-11 23:19:30] WARN: 微信未成为前台窗口，本轮跳过；foreground='Hermes Desktop'
[2026-06-11 23:19:30] ERROR: 未找到/无法激活微信窗口
[2026-06-11 23:19:32] --- 第 15 次检查开始 ---
[2026-06-11 23:19:34] 激活微信窗口: hwnd=0x203E0, foreground='微信'
[2026-06-11 23:19:34] 搜索并进入目标会话: AI 数字人
[2026-06-11 23:19:42] 聊天区域截图: C:\Users\dtyao\AppData\Local\hermes\scripts\wechat_monitor_shots\wechat_ai_chat_20260611_231942.png
[2026-06-11 23:19:42] 聊天区域差异分数: 4.72，阈值: 3.0
[2026-06-11 23:19:42] 检测到 AI 数字人会话聊天区域明显变化，准备回复
[2026-06-11 23:19:42] 发送自动回复: 我现在不方便看微信，稍后回复你。
[2026-06-11 23:19:46] 已回复并更新基线: C:\Users\dtyao\AppData\Local\hermes\scripts\wechat_monitor_shots\wechat_ai_chat_20260611_231946.png
[2026-06-11 23:20:00] --- 第 7 次检查开始 ---
[2026-06-11 23:20:01] 激活微信窗口: hwnd=0x203E0, foreground='Hermes Desktop'
[2026-06-11 23:20:01] WARN: 微信未成为前台窗口，本轮跳过；foreground='Hermes Desktop'
[2026-06-11 23:20:01] ERROR: 未找到/无法激活微信窗口
[2026-06-11 23:20:16] --- 第 16 次检查开始 ---
[2026-06-11 23:20:17] 激活微信窗口: hwnd=0x203E0, foreground='微信'
[2026-06-11 23:20:17] 搜索并进入目标会话: AI 数字人
[2026-06-11 23:20:26] 聊天区域截图: C:\Users\dtyao\AppData\Local\hermes\scripts\wechat_monitor_shots\wechat_ai_chat_20260611_232026.png
[2026-06-11 23:20:26] 聊天区域差异分数: 4.70，阈值: 3.0
[2026-06-11 23:20:26] 检测到 AI 数字人会话聊天区域明显变化，准备回复
[2026-06-11 23:20:26] 发送自动回复: 我现在不方便看微信，稍后回复你。
[2026-06-11 23:20:30] 已回复并更新基线: C:\Users\dtyao\AppData\Local\hermes\scripts\wechat_monitor_shots\wechat_ai_chat_20260611_232030.png
[2026-06-11 23:20:31] --- 第 8 次检查开始 ---
[2026-06-11 23:20:32] 激活微信窗口: hwnd=0x203E0, foreground='Hermes Desktop'
[2026-06-11 23:20:32] WARN: 微信未成为前台窗口，本轮跳过；foreground='Hermes Desktop'
[2026-06-11 23:20:32] ERROR: 未找到/无法激活微信窗口
[2026-06-11 23:21:00] --- 第 17 次检查开始 ---
[2026-06-11 23:21:01] 激活微信窗口: hwnd=0x203E0, foreground='Hermes Desktop'
[2026-06-11 23:21:01] 搜索并进入目标会话: AI 数字人
[2026-06-11 23:21:02] --- 第 9 次检查开始 ---
[2026-06-11 23:21:03] 激活微信窗口: hwnd=0x203E0, foreground='Hermes Desktop'
[2026-06-11 23:21:03] WARN: 微信未成为前台窗口，本轮跳过；foreground='Hermes Desktop'
[2026-06-11 23:21:03] ERROR: 未找到/无法激活微信窗口
[2026-06-11 23:21:10] 聊天区域截图: C:\Users\dtyao\AppData\Local\hermes\scripts\wechat_monitor_shots\wechat_ai_chat_20260611_232110.png
[2026-06-11 23:21:10] 聊天区域差异分数: 4.00，阈值: 3.0
[2026-06-11 23:21:10] 检测到 AI 数字人会话聊天区域明显变化，准备回复
[2026-06-11 23:21:10] 发送自动回复: 我现在不方便看微信，稍后回复你。
[2026-06-11 23:21:14] 已回复并更新基线: C:\Users\dtyao\AppData\Local\hermes\scripts\wechat_monitor_shots\wechat_ai_chat_20260611_232114.png
[2026-06-11 23:21:33] --- 第 10 次检查开始 ---
[2026-06-11 23:21:34] 激活微信窗口: hwnd=0x203E0, foreground='Hermes Desktop'
[2026-06-11 23:21:34] WARN: 微信未成为前台窗口，本轮跳过；foreground='Hermes Desktop'
[2026-06-11 23:21:34] ERROR: 未找到/无法激活微信窗口
[2026-06-11 23:21:44] --- 第 18 次检查开始 ---
[2026-06-11 23:21:45] 激活微信窗口: hwnd=0x203E0, foreground='微信'
[2026-06-11 23:21:45] 搜索并进入目标会话: AI 数字人
[2026-06-11 23:21:54] 聊天区域截图: C:\Users\dtyao\AppData\Local\hermes\scripts\wechat_monitor_shots\wechat_ai_chat_20260611_232153.png
[2026-06-11 23:21:54] 聊天区域差异分数: 3.03，阈值: 3.0
[2026-06-11 23:21:54] 检测到 AI 数字人会话聊天区域明显变化，准备回复
[2026-06-11 23:21:54] 发送自动回复: 我现在不方便看微信，稍后回复你。
[2026-06-11 23:21:58] 已回复并更新基线: C:\Users\dtyao\AppData\Local\hermes\scripts\wechat_monitor_shots\wechat_ai_chat_20260611_232158.png
[2026-06-11 23:22:04] --- 第 11 次检查开始 ---
[2026-06-11 23:22:06] 激活微信窗口: hwnd=0x203E0, foreground='微信'
[2026-06-11 23:22:06] 搜索并进入目标会话: AI 数字人
[2026-06-11 23:22:14] 聊天区域截图: C:\Users\dtyao\AppData\Local\hermes\scripts\wechat_monitor_shots\wechat_ai_chat_20260611_232214.png
[2026-06-11 23:22:14] 聊天区域差异分数: 45.15，阈值: 0.1，签名变化: True
[2026-06-11 23:22:14] 检测到 AI 数字人会话聊天区域明显变化，准备回复
[2026-06-11 23:22:14] 发送自动回复: 我现在不方便看微信，稍后回复你。
[2026-06-11 23:22:18] 已回复并更新基线: C:\Users\dtyao\AppData\Local\hermes\scripts\wechat_monitor_shots\wechat_ai_chat_20260611_232218.png
[2026-06-11 23:22:28] --- 第 19 次检查开始 ---
[2026-06-11 23:22:29] 激活微信窗口: hwnd=0x203E0, foreground='微信'
[2026-06-11 23:22:29] 搜索并进入目标会话: AI 数字人
[2026-06-11 23:22:37] 聊天区域截图: C:\Users\dtyao\AppData\Local\hermes\scripts\wechat_monitor_shots\wechat_ai_chat_20260611_232237.png
[2026-06-11 23:22:37] 聊天区域差异分数: 5.16，阈值: 3.0
[2026-06-11 23:22:37] 检测到 AI 数字人会话聊天区域明显变化，准备回复
[2026-06-11 23:22:37] 发送自动回复: 我现在不方便看微信，稍后回复你。
[2026-06-11 23:22:41] 已回复并更新基线: C:\Users\dtyao\AppData\Local\hermes\scripts\wechat_monitor_shots\wechat_ai_chat_20260611_232241.png
[2026-06-11 23:22:48] --- 第 12 次检查开始 ---
[2026-06-11 23:22:49] 激活微信窗口: hwnd=0x203E0, foreground='微信'
[2026-06-11 23:22:49] 搜索并进入目标会话: AI 数字人
[2026-06-11 23:22:58] 聊天区域截图: C:\Users\dtyao\AppData\Local\hermes\scripts\wechat_monitor_shots\wechat_ai_chat_20260611_232258.png
[2026-06-11 23:22:58] 聊天区域差异分数: 2.73，阈值: 0.1，签名变化: True
[2026-06-11 23:22:58] 检测到 AI 数字人会话聊天区域明显变化，准备回复
[2026-06-11 23:22:58] 发送自动回复: 我现在不方便看微信，稍后回复你。
[2026-06-11 23:22:59] === 微信 AI 数字人监控自动回复启动（图像差异版）===
[2026-06-11 23:22:59] 目标=AI 数字人, 间隔=30s, 阈值=0.1, 冷却=300s, 回复='我现在不方便看微信，稍后回复你。'
[2026-06-11 23:22:59] --- 第 1 次检查开始 ---
[2026-06-11 23:23:00] 激活微信窗口: hwnd=0x203E0, foreground='微信'
[2026-06-11 23:23:00] 搜索并进入目标会话: AI 数字人
[2026-06-11 23:23:02] 已回复并更新基线: C:\Users\dtyao\AppData\Local\hermes\scripts\wechat_monitor_shots\wechat_ai_chat_20260611_232302.png
[2026-06-11 23:23:09] 点击聊天输入框坐标: (1455, 749)
[2026-06-11 23:23:10] 聊天区域截图: C:\Users\dtyao\AppData\Local\hermes\scripts\wechat_monitor_shots\wechat_ai_chat_20260611_232310.png
[2026-06-11 23:23:10] 聊天区域差异分数: 1.12，阈值: 0.1，签名变化: True
[2026-06-11 23:23:10] 检测到 AI 数字人会话聊天区域明显变化
[2026-06-11 23:23:10] 处于回复冷却期：距离上次回复 28s < 300s，本轮只更新基线不回复
[2026-06-11 23:23:11] --- 第 20 次检查开始 ---
[2026-06-11 23:23:13] 激活微信窗口: hwnd=0x203E0, foreground='微信'
[2026-06-11 23:23:13] 搜索并进入目标会话: AI 数字人
[2026-06-11 23:23:21] 聊天区域截图: C:\Users\dtyao\AppData\Local\hermes\scripts\wechat_monitor_shots\wechat_ai_chat_20260611_232321.png
[2026-06-11 23:23:21] 聊天区域差异分数: 1.12，阈值: 3.0
[2026-06-11 23:23:21] 无明显变化，不回复
[2026-06-11 23:23:32] --- 第 13 次检查开始 ---
[2026-06-11 23:23:33] 激活微信窗口: hwnd=0x203E0, foreground='微信'
[2026-06-11 23:23:33] 搜索并进入目标会话: AI 数字人
[2026-06-11 23:23:42] 聊天区域截图: C:\Users\dtyao\AppData\Local\hermes\scripts\wechat_monitor_shots\wechat_ai_chat_20260611_232342.png
[2026-06-11 23:23:42] 聊天区域差异分数: 17.23，阈值: 0.1，签名变化: True
[2026-06-11 23:23:42] 检测到 AI 数字人会话聊天区域明显变化，准备回复
[2026-06-11 23:23:42] 发送自动回复: 我现在不方便看微信，稍后回复你。
[2026-06-11 23:23:46] 已回复并更新基线: C:\Users\dtyao\AppData\Local\hermes\scripts\wechat_monitor_shots\wechat_ai_chat_20260611_232346.png
[2026-06-11 23:23:51] --- 第 21 次检查开始 ---
[2026-06-11 23:23:52] 激活微信窗口: hwnd=0x203E0, foreground='微信'
[2026-06-11 23:23:52] 搜索并进入目标会话: AI 数字人
[2026-06-11 23:24:01] 聊天区域截图: C:\Users\dtyao\AppData\Local\hermes\scripts\wechat_monitor_shots\wechat_ai_chat_20260611_232401.png
[2026-06-11 23:24:01] 聊天区域差异分数: 1.87，阈值: 3.0
[2026-06-11 23:24:01] 无明显变化，不回复
[2026-06-11 23:24:16] --- 第 14 次检查开始 ---
[2026-06-11 23:24:17] 激活微信窗口: hwnd=0x203E0, foreground='微信'
[2026-06-11 23:24:17] 搜索并进入目标会话: AI 数字人
[2026-06-11 23:24:26] 聊天区域截图: C:\Users\dtyao\AppData\Local\hermes\scripts\wechat_monitor_shots\wechat_ai_chat_20260611_232426.png
[2026-06-11 23:24:26] 聊天区域差异分数: 1.07，阈值: 0.1，签名变化: True
[2026-06-11 23:24:26] 检测到 AI 数字人会话聊天区域明显变化，准备回复
[2026-06-11 23:24:26] 发送自动回复: 我现在不方便看微信，稍后回复你。
[2026-06-11 23:24:30] 已回复并更新基线: C:\Users\dtyao\AppData\Local\hermes\scripts\wechat_monitor_shots\wechat_ai_chat_20260611_232430.png
[2026-06-11 23:24:31] --- 第 22 次检查开始 ---
[2026-06-11 23:24:32] 激活微信窗口: hwnd=0x203E0, foreground='微信'
[2026-06-11 23:24:32] 搜索并进入目标会话: AI 数字人
[2026-06-11 23:24:41] 聊天区域截图: C:\Users\dtyao\AppData\Local\hermes\scripts\wechat_monitor_shots\wechat_ai_chat_20260611_232441.png
[2026-06-11 23:24:41] 聊天区域差异分数: 1.23，阈值: 3.0
[2026-06-11 23:24:41] 无明显变化，不回复
[2026-06-11 23:25:00] --- 第 15 次检查开始 ---
[2026-06-11 23:25:01] 激活微信窗口: hwnd=0x203E0, foreground='微信'
[2026-06-11 23:25:01] 搜索并进入目标会话: AI 数字人
[2026-06-11 23:25:09] 聊天区域截图: C:\Users\dtyao\AppData\Local\hermes\scripts\wechat_monitor_shots\wechat_ai_chat_20260611_232509.png
[2026-06-11 23:25:09] 聊天区域差异分数: 0.00，阈值: 0.1，签名变化: False
[2026-06-11 23:25:09] 无明显变化，不回复
[2026-06-11 23:25:11] --- 第 23 次检查开始 ---
[2026-06-11 23:25:12] 激活微信窗口: hwnd=0x203E0, foreground='微信'
[2026-06-11 23:25:12] 搜索并进入目标会话: AI 数字人
[2026-06-11 23:25:20] 聊天区域截图: C:\Users\dtyao\AppData\Local\hermes\scripts\wechat_monitor_shots\wechat_ai_chat_20260611_232520.png
[2026-06-11 23:25:20] 聊天区域差异分数: 1.23，阈值: 3.0
[2026-06-11 23:25:20] 无明显变化，不回复
[2026-06-11 23:25:39] --- 第 16 次检查开始 ---
[2026-06-11 23:25:41] 激活微信窗口: hwnd=0x203E0, foreground='Hermes Desktop'
[2026-06-11 23:25:41] WARN: 微信未成为前台窗口，本轮跳过；foreground='Hermes Desktop'
[2026-06-11 23:25:41] ERROR: 未找到/无法激活微信窗口
[2026-06-11 23:25:51] --- 第 24 次检查开始 ---
[2026-06-11 23:25:52] 激活微信窗口: hwnd=0x203E0, foreground='微信'
[2026-06-11 23:25:52] 搜索并进入目标会话: AI 数字人
[2026-06-11 23:26:00] 聊天区域截图: C:\Users\dtyao\AppData\Local\hermes\scripts\wechat_monitor_shots\wechat_ai_chat_20260611_232600.png
[2026-06-11 23:26:00] 聊天区域差异分数: 3.21，阈值: 3.0
[2026-06-11 23:26:00] 检测到 AI 数字人会话聊天区域明显变化，准备回复
[2026-06-11 23:26:00] 发送自动回复: 我现在不方便看微信，稍后回复你。
[2026-06-11 23:26:04] 已回复并更新基线: C:\Users\dtyao\AppData\Local\hermes\scripts\wechat_monitor_shots\wechat_ai_chat_20260611_232604.png
[2026-06-11 23:26:11] --- 第 17 次检查开始 ---
[2026-06-11 23:26:12] 激活微信窗口: hwnd=0x203E0, foreground='Hermes Desktop'
[2026-06-11 23:26:12] WARN: 微信未成为前台窗口，本轮跳过；foreground='Hermes Desktop'
[2026-06-11 23:26:12] ERROR: 未找到/无法激活微信窗口
[2026-06-11 23:26:34] --- 第 25 次检查开始 ---
[2026-06-11 23:26:36] 激活微信窗口: hwnd=0x203E0, foreground='微信'
[2026-06-11 23:26:36] 搜索并进入目标会话: AI 数字人
[2026-06-11 23:26:42] --- 第 18 次检查开始 ---
[2026-06-11 23:26:43] 激活微信窗口: hwnd=0x203E0, foreground='微信'
[2026-06-11 23:26:43] 搜索并进入目标会话: AI 数字人
[2026-06-11 23:26:44] 聊天区域截图: C:\Users\dtyao\AppData\Local\hermes\scripts\wechat_monitor_shots\wechat_ai_chat_20260611_232644.png
[2026-06-11 23:26:44] 聊天区域差异分数: 18.32，阈值: 3.0
[2026-06-11 23:26:44] 检测到 AI 数字人会话聊天区域明显变化，准备回复
[2026-06-11 23:26:44] 发送自动回复: 我现在不方便看微信，稍后回复你。
[2026-06-11 23:26:48] 已回复并更新基线: C:\Users\dtyao\AppData\Local\hermes\scripts\wechat_monitor_shots\wechat_ai_chat_20260611_232648.png
[2026-06-11 23:26:52] 聊天区域截图: C:\Users\dtyao\AppData\Local\hermes\scripts\wechat_monitor_shots\wechat_ai_chat_20260611_232652.png
[2026-06-11 23:26:52] 聊天区域差异分数: 4.35，阈值: 0.1，签名变化: True
[2026-06-11 23:26:52] 检测到 AI 数字人会话聊天区域明显变化，准备回复
[2026-06-11 23:26:52] 发送自动回复: 我现在不方便看微信，稍后回复你。
[2026-06-11 23:26:56] 已回复并更新基线: C:\Users\dtyao\AppData\Local\hermes\scripts\wechat_monitor_shots\wechat_ai_chat_20260611_232656.png
[2026-06-11 23:27:18] --- 第 26 次检查开始 ---
[2026-06-11 23:27:19] 激活微信窗口: hwnd=0x203E0, foreground='微信'
[2026-06-11 23:27:19] 搜索并进入目标会话: AI 数字人
[2026-06-11 23:27:23] === 微信 AI 数字人监控自动回复启动（图像差异版：启动搜索一次，后续不重复搜索）===
[2026-06-11 23:27:23] 目标=AI 数字人, 间隔=30s, 阈值=0.1, 冷却=300s, 回复='我现在不方便看微信，稍后回复你。'
[2026-06-11 23:27:23] --- 第 1 次检查开始 ---
[2026-06-11 23:27:24] 激活微信窗口: hwnd=0x203E0, foreground='微信'
[2026-06-11 23:27:25] 激活微信窗口: hwnd=0x203E0, foreground='微信'
[2026-06-11 23:27:25] 启动/恢复：搜索并进入目标会话: AI 数字人
[2026-06-11 23:27:26] --- 第 19 次检查开始 ---
[2026-06-11 23:27:27] 激活微信窗口: hwnd=0x203E0, foreground='微信'
[2026-06-11 23:27:27] 搜索并进入目标会话: AI 数字人
[2026-06-11 23:27:28] 聊天区域截图: C:\Users\dtyao\AppData\Local\hermes\scripts\wechat_monitor_shots\wechat_ai_chat_20260611_232728.png
[2026-06-11 23:27:28] 聊天区域差异分数: 20.15，阈值: 3.0
[2026-06-11 23:27:28] 检测到 AI 数字人会话聊天区域明显变化，准备回复
[2026-06-11 23:27:28] 发送自动回复: 我现在不方便看微信，稍后回复你。
[2026-06-11 23:27:32] 已回复并更新基线: C:\Users\dtyao\AppData\Local\hermes\scripts\wechat_monitor_shots\wechat_ai_chat_20260611_232732.png
[2026-06-11 23:27:34] 点击聊天输入框坐标: (1455, 749)
[2026-06-11 23:27:35] 聊天区域截图: C:\Users\dtyao\AppData\Local\hermes\scripts\wechat_monitor_shots\wechat_ai_chat_20260611_232735.png
[2026-06-11 23:27:35] 聊天区域差异分数: 7.84，阈值: 0.1，签名变化: True
[2026-06-11 23:27:35] 检测到 AI 数字人会话聊天区域明显变化
[2026-06-11 23:27:35] 处于回复冷却期：距离上次回复 39s < 300s，本轮只更新基线不回复
[2026-06-11 23:27:35] 聊天区域截图: C:\Users\dtyao\AppData\Local\hermes\scripts\wechat_monitor_shots\wechat_ai_chat_20260611_232735.png
[2026-06-11 23:27:35] 聊天区域差异分数: 7.84，阈值: 0.1，签名变化: True
[2026-06-11 23:27:35] 检测到 AI 数字人会话聊天区域明显变化，准备回复
[2026-06-11 23:27:35] 发送自动回复: 我现在不方便看微信，稍后回复你。
[2026-06-11 23:27:39] 已回复并更新基线: C:\Users\dtyao\AppData\Local\hermes\scripts\wechat_monitor_shots\wechat_ai_chat_20260611_232739.png
[2026-06-11 23:28:02] --- 第 27 次检查开始 ---
[2026-06-11 23:28:03] 激活微信窗口: hwnd=0x203E0, foreground='微信'
[2026-06-11 23:28:03] 搜索并进入目标会话: AI 数字人
[2026-06-11 23:28:05] --- 第 2 次检查开始 ---
[2026-06-11 23:28:06] 激活微信窗口: hwnd=0x203E0, foreground='微信'
[2026-06-11 23:28:06] 目标会话已在启动/恢复时打开；本轮不再搜索，只截图当前聊天区
[2026-06-11 23:28:06] 聊天区域截图: C:\Users\dtyao\AppData\Local\hermes\scripts\wechat_monitor_shots\wechat_ai_chat_20260611_232806.png
[2026-06-11 23:28:06] 聊天区域差异分数: 41.44，阈值: 0.1，签名变化: True
[2026-06-11 23:28:06] 检测到 AI 数字人会话聊天区域明显变化
[2026-06-11 23:28:06] 处于回复冷却期：距离上次回复 70s < 300s，本轮只更新基线不回复
[2026-06-11 23:28:09] --- 第 20 次检查开始 ---
[2026-06-11 23:28:11] 激活微信窗口: hwnd=0x203E0, foreground='微信'
[2026-06-11 23:28:11] 搜索并进入目标会话: AI 数字人
[2026-06-11 23:28:12] 聊天区域截图: C:\Users\dtyao\AppData\Local\hermes\scripts\wechat_monitor_shots\wechat_ai_chat_20260611_232812.png
[2026-06-11 23:28:12] 聊天区域差异分数: 45.67，阈值: 3.0
[2026-06-11 23:28:12] 检测到 AI 数字人会话聊天区域明显变化，准备回复
[2026-06-11 23:28:12] 发送自动回复: 我现在不方便看微信，稍后回复你。
[2026-06-11 23:28:16] 已回复并更新基线: C:\Users\dtyao\AppData\Local\hermes\scripts\wechat_monitor_shots\wechat_ai_chat_20260611_232816.png
[2026-06-11 23:28:19] 聊天区域截图: C:\Users\dtyao\AppData\Local\hermes\scripts\wechat_monitor_shots\wechat_ai_chat_20260611_232819.png
[2026-06-11 23:28:19] 聊天区域差异分数: 30.09，阈值: 0.1，签名变化: True
[2026-06-11 23:28:19] 检测到 AI 数字人会话聊天区域明显变化，准备回复
[2026-06-11 23:28:19] 发送自动回复: 我现在不方便看微信，稍后回复你。
[2026-06-11 23:28:23] 已回复并更新基线: C:\Users\dtyao\AppData\Local\hermes\scripts\wechat_monitor_shots\wechat_ai_chat_20260611_232823.png
[2026-06-11 23:28:46] --- 第 28 次检查开始 ---
[2026-06-11 23:28:47] 激活微信窗口: hwnd=0x203E0, foreground='微信'
[2026-06-11 23:28:47] 搜索并进入目标会话: AI 数字人
[2026-06-11 23:28:53] --- 第 21 次检查开始 ---
[2026-06-11 23:28:54] 激活微信窗口: hwnd=0x203E0, foreground='微信'
[2026-06-11 23:28:54] 搜索并进入目标会话: AI 数字人
[2026-06-11 23:28:56] 聊天区域截图: C:\Users\dtyao\AppData\Local\hermes\scripts\wechat_monitor_shots\wechat_ai_chat_20260611_232855.png
[2026-06-11 23:28:56] 聊天区域差异分数: 41.21，阈值: 3.0
[2026-06-11 23:28:56] 检测到 AI 数字人会话聊天区域明显变化，准备回复
[2026-06-11 23:28:56] 发送自动回复: 我现在不方便看微信，稍后回复你。
[2026-06-11 23:29:00] 已回复并更新基线: C:\Users\dtyao\AppData\Local\hermes\scripts\wechat_monitor_shots\wechat_ai_chat_20260611_232900.png
[2026-06-11 23:29:03] 聊天区域截图: C:\Users\dtyao\AppData\Local\hermes\scripts\wechat_monitor_shots\wechat_ai_chat_20260611_232903.png
[2026-06-11 23:29:03] 聊天区域差异分数: 48.98，阈值: 0.1，签名变化: True
[2026-06-11 23:29:03] 检测到 AI 数字人会话聊天区域明显变化，准备回复
[2026-06-11 23:29:03] 发送自动回复: 我现在不方便看微信，稍后回复你。
[2026-06-11 23:29:07] 已回复并更新基线: C:\Users\dtyao\AppData\Local\hermes\scripts\wechat_monitor_shots\wechat_ai_chat_20260611_232907.png
[2026-06-11 23:29:30] --- 第 29 次检查开始 ---
[2026-06-11 23:29:31] 激活微信窗口: hwnd=0x203E0, foreground='微信'
[2026-06-11 23:29:31] 搜索并进入目标会话: AI 数字人
